// Jest Snapshot v1, https://goo.gl/fbAQLP

exports[`ContactMe Page make snapshot of ContactMe page matches the snapshot 1`] = `ShallowWrapper {}`;
