// Jest Snapshot v1, https://goo.gl/fbAQLP

exports[`Home Page make snapshot of Home page matches the snapshot 1`] = `
<Layout
  pageMeta={
    Object {
      "title": "Home",
    }
  }
>
  <Hero />
  <About />
  <SkillSet />
</Layout>
`;
